// Jest Snapshot v1, https://goo.gl/fbAQLP

exports[`Timer Component Supports render prop 1`] = `
<span>
  You have 
  10
   second(s) left
</span>
`;
